<!DOCTYPE html PUBLIC "-//W3C//DTD HTML 4.0 Transitional//EN" "http://www.w3.org/TR/REC-html40/loose.dtd">
<html>

<head>
    <title>demo : html 1</title>
</head>

<body>
    <div class="textblock">
        <p>A car. </p>
        <snippet type="rst:block">
.. warning::
   This car is a top secret prototype.

</snippet>
        <p>Here is a plot to show it's true power:</p>
        <snippet type="rst:block">
.. plot::

  import matplotlib
  import matplotlib.pyplot as plt
  import numpy as np

  # Data for plotting
  t = np.arange(0.0, 2.0, 0.01)
  s = 1 + np.sin(2 * np.pi * t)

  fig, ax = plt.subplots()
  ax.plot(t, s)

  ax.set(xlabel='time (s)', ylabel='voltage (mV)',
        title='About as simple as it gets, folks')
  ax.grid()

  plt.show()
</snippet>
    </div>
</body>

</html>
